
> app@0.0.1 build
> astro build

[2m12:00:10[22m [34m[content][39m Syncing content
[2m12:00:10[22m [34m[content][39m Synced content
[2m12:00:10[22m [34m[types][39m Generated [2m50ms[22m
[2m12:00:10[22m [34m[build][39m output: [34m"static"[39m
[2m12:00:10[22m [34m[build][39m mode: [34m"static"[39m
[2m12:00:10[22m [34m[build][39m directory: [34mC:\Users\User\Desktop\Develop\Dtallesjewelry\dist\[39m
[2m12:00:10[22m [34m[build][39m Collecting build info...
[2m12:00:10[22m [34m[build][39m [32mÔ£ô Completed in 84ms.[39m
[2m12:00:10[22m [34m[build][39m Building static entrypoints...
[33m[1m12:00:11[22m [WARN] [vite][39m 
/images/showroom-bg.webp referenced in /images/showroom-bg.webp didn't resolve at build time, it will remain unchanged to be resolved at runtime
[2m12:00:12[22m [34m[vite][39m [32mÔ£ô built in 1.59s[39m
[2m12:00:12[22m [34m[build][39m [32mÔ£ô Completed in 1.63s.[39m

[42m[30m building client (vite) [39m[49m
[2m12:00:12[22m [34m[vite][39m transforming...
[2m12:00:13[22m [34m[vite][39m [32mÔ£ô[39m 393 modules transformed.
[2m12:00:13[22m [34m[vite][39m rendering chunks...
[2m12:00:13[22m [34m[vite][39m computing gzip size...
[2m12:00:13[22m [34m[vite][39m [2mdist/[22m[36m_astro/paths.BOnPBRLc.js                                              [39m[1m[2m  0.06 kB[22m[1m[22m[2m Ôöé gzip:  0.08 kB[22m
[2m12:00:13[22m [34m[vite][39m [2mdist/[22m[36m_astro/gql.BxQgxVmM.js                                                [39m[1m[2m  0.09 kB[22m[1m[22m[2m Ôöé gzip:  0.11 kB[22m
[2m12:00:13[22m [34m[vite][39m [2mdist/[22m[36m_astro/search.X5QTXqBq.js                                             [39m[1m[2m  0.10 kB[22m[1m[22m[2m Ôöé gzip:  0.11 kB[22m
[2m12:00:13[22m [34m[vite][39m [2mdist/[22m[36m_astro/favorites.BAdUhc2r.js                                          [39m[1m[2m  0.27 kB[22m[1m[22m[2m Ôöé gzip:  0.22 kB[22m
[2m12:00:13[22m [34m[vite][39m [2mdist/[22m[36m_astro/index.DIEz7UgV.js                                              [39m[1m[2m  0.42 kB[22m[1m[22m[2m Ôöé gzip:  0.29 kB[22m
[2m12:00:13[22m [34m[vite][39m [2mdist/[22m[36m_astro/index.daetGfa_.js                                              [39m[1m[2m  0.52 kB[22m[1m[22m[2m Ôöé gzip:  0.32 kB[22m
[2m12:00:13[22m [34m[vite][39m [2mdist/[22m[36m_astro/cart.hCEoOUL4.js                                               [39m[1m[2m  0.53 kB[22m[1m[22m[2m Ôöé gzip:  0.31 kB[22m
[2m12:00:13[22m [34m[vite][39m [2mdist/[22m[36m_astro/search.CIhAMNe6.js                                             [39m[1m[2m  0.61 kB[22m[1m[22m[2m Ôöé gzip:  0.28 kB[22m
[2m12:00:13[22m [34m[vite][39m [2mdist/[22m[36m_astro/jsx-runtime.D_zvdyIk.js                                        [39m[1m[2m  0.73 kB[22m[1m[22m[2m Ôöé gzip:  0.46 kB[22m
[2m12:00:13[22m [34m[vite][39m [2mdist/[22m[36m_astro/ShareList.CIrtwN6-.js                                          [39m[1m[2m  1.03 kB[22m[1m[22m[2m Ôöé gzip:  0.63 kB[22m
[2m12:00:13[22m [34m[vite][39m [2mdist/[22m[36m_astro/AddToCartToast.y1ja1-tQ.js                                     [39m[1m[2m  1.08 kB[22m[1m[22m[2m Ôöé gzip:  0.65 kB[22m
[2m12:00:13[22m [34m[vite][39m [2mdist/[22m[36m_astro/index.Dpt-qeBV.js                                              [39m[1m[2m  2.50 kB[22m[1m[22m[2m Ôöé gzip:  1.04 kB[22m
[2m12:00:13[22m [34m[vite][39m [2mdist/[22m[36m_astro/Header.astro_astro_type_script_index_0_lang.DvFAMV75.js        [39m[1m[2m  2.53 kB[22m[1m[22m[2m Ôöé gzip:  0.78 kB[22m
[2m12:00:13[22m [34m[vite][39m [2mdist/[22m[36m_astro/BestSellers.nHi84F0S.js                                        [39m[1m[2m  2.55 kB[22m[1m[22m[2m Ôöé gzip:  1.02 kB[22m
[2m12:00:13[22m [34m[vite][39m [2mdist/[22m[36m_astro/SearchResultsPage.DA0JhNKQ.js                                  [39m[1m[2m  2.61 kB[22m[1m[22m[2m Ôöé gzip:  1.27 kB[22m
[2m12:00:13[22m [34m[vite][39m [2mdist/[22m[36m_astro/FloatingSupport.DXMawi4-.js                                    [39m[1m[2m  3.05 kB[22m[1m[22m[2m Ôöé gzip:  1.58 kB[22m
[2m12:00:13[22m [34m[vite][39m [2mdist/[22m[36m_astro/WishlistGrid.l4ASWkLA.js                                       [39m[1m[2m  3.87 kB[22m[1m[22m[2m Ôöé gzip:  1.62 kB[22m
[2m12:00:13[22m [34m[vite][39m [2mdist/[22m[36m_astro/SearchModal.i4P7TH6s.js                                        [39m[1m[2m  4.44 kB[22m[1m[22m[2m Ôöé gzip:  1.84 kB[22m
[2m12:00:13[22m [34m[vite][39m [2mdist/[22m[36m_astro/ProductCard.ittJiKHs.js                                        [39m[1m[2m  5.22 kB[22m[1m[22m[2m Ôöé gzip:  1.96 kB[22m
[2m12:00:13[22m [34m[vite][39m [2mdist/[22m[36m_astro/ContactForm.g8E_Uk-o.js                                        [39m[1m[2m  5.40 kB[22m[1m[22m[2m Ôöé gzip:  1.56 kB[22m
[2m12:00:13[22m [34m[vite][39m [2mdist/[22m[36m_astro/ProductWhatsAppSticky.Cu5O1Y06.js                              [39m[1m[2m  5.76 kB[22m[1m[22m[2m Ôöé gzip:  2.29 kB[22m
[2m12:00:13[22m [34m[vite][39m [2mdist/[22m[36m_astro/HeroSlider.DzcNElQh.js                                         [39m[1m[2m  6.79 kB[22m[1m[22m[2m Ôöé gzip:  2.53 kB[22m
[2m12:00:13[22m [34m[vite][39m [2mdist/[22m[36m_astro/CartDrawer.bx6_tmk-.js                                         [39m[1m[2m  7.84 kB[22m[1m[22m[2m Ôöé gzip:  2.55 kB[22m
[2m12:00:13[22m [34m[vite][39m [2mdist/[22m[36m_astro/index.DiEladB3.js                                              [39m[1m[2m  7.85 kB[22m[1m[22m[2m Ôöé gzip:  3.05 kB[22m
[2m12:00:13[22m [34m[vite][39m [2mdist/[22m[36m_astro/shopify.D29yEqNX.js                                            [39m[1m[2m  9.25 kB[22m[1m[22m[2m Ôöé gzip:  3.83 kB[22m
[2m12:00:13[22m [34m[vite][39m [2mdist/[22m[36m_astro/ProductDynamic.BkmhA655.js                                     [39m[1m[2m  9.98 kB[22m[1m[22m[2m Ôöé gzip:  1.49 kB[22m
[2m12:00:13[22m [34m[vite][39m [2mdist/[22m[36m_astro/DesktopHeader.BkNPeuLZ.js                                      [39m[1m[2m 10.23 kB[22m[1m[22m[2m Ôöé gzip:  3.28 kB[22m
[2m12:00:13[22m [34m[vite][39m [2mdist/[22m[36m_astro/MobileAppNav._USqpJL7.js                                       [39m[1m[2m 12.77 kB[22m[1m[22m[2m Ôöé gzip:  3.78 kB[22m
[2m12:00:13[22m [34m[vite][39m [2mdist/[22m[36m_astro/Footer.DkoGT1XJ.js                                             [39m[1m[2m 13.11 kB[22m[1m[22m[2m Ôöé gzip:  4.39 kB[22m
[2m12:00:13[22m [34m[vite][39m [2mdist/[22m[36m_astro/StoreGrid.CwBvDUaC.js                                          [39m[1m[2m 13.68 kB[22m[1m[22m[2m Ôöé gzip:  3.42 kB[22m
[2m12:00:13[22m [34m[vite][39m [2mdist/[22m[36m_astro/ClientRouter.astro_astro_type_script_index_0_lang.CDGfc0hd.js  [39m[1m[2m 15.36 kB[22m[1m[22m[2m Ôöé gzip:  5.28 kB[22m
[2m12:00:13[22m [34m[vite][39m [2mdist/[22m[36m_astro/ProductPage.BmBImBTF.js                                        [39m[1m[2m 23.53 kB[22m[1m[22m[2m Ôöé gzip:  6.55 kB[22m
[2m12:00:13[22m [34m[vite][39m [2mdist/[22m[36m_astro/PaymentIcons.B5hD3Hx-.js                                       [39m[1m[2m 28.41 kB[22m[1m[22m[2m Ôöé gzip:  9.28 kB[22m
[2m12:00:13[22m [34m[vite][39m [2mdist/[22m[36m_astro/client.Dc9Vh3na.js                                             [39m[1m[2m186.62 kB[22m[1m[22m[2m Ôöé gzip: 58.54 kB[22m
[2m12:00:13[22m [34m[vite][39m [32mÔ£ô built in 1.22s[39m

[42m[30m generating static routes [39m[49m
[2m12:00:13[22m [32mÔûÂ[39m src/pages/404.astro
[2m12:00:13[22m   [34mÔööÔöÇ[39m [2m/404.html[22m [2m(+33ms)[22m 
[2m12:00:13[22m [32mÔûÂ[39m src/pages/accesibilidad.astro
[2m12:00:13[22m   [34mÔööÔöÇ[39m [2m/accesibilidad/index.html[22m [2m(+9ms)[22m 
[2m12:00:13[22m [32mÔûÂ[39m src/pages/account/logout.astro
[2m12:00:13[22m   [34mÔööÔöÇ[39m [2m/account/logout/index.html[22m [2m(+2ms)[22m 
[2m12:00:13[22m [32mÔûÂ[39m src/pages/blog/[slug].astro
[2m12:00:13[22m [32mÔûÂ[39m src/pages/blog/index.astro
[2m12:00:13[22m   [34mÔööÔöÇ[39m [2m/blog/index.html[22m [2m(+154ms)[22m 
[2m12:00:14[22m [32mÔûÂ[39m src/pages/busqueda.astro
[2m12:00:14[22m   [34mÔööÔöÇ[39m [2m/busqueda/index.html[22m [2m(+6ms)[22m 
[2m12:00:14[22m [32mÔûÂ[39m src/pages/coleccion/religiosa.astro
[2m12:00:14[22m   [34mÔööÔöÇ[39m [2m/coleccion/religiosa/index.html[22m [2m(+164ms)[22m 
[2m12:00:14[22m [32mÔûÂ[39m src/pages/coleccion/[handle].astro
[2m12:00:14[22m   [34mÔö£ÔöÇ[39m [2m/coleccion/hombre/index.html[22m[DEBUG] Fetching collection: hombre
 [2m(+224ms)[22m 
[2m12:00:14[22m   [34mÔö£ÔöÇ[39m [2m/coleccion/mujer/index.html[22m[DEBUG] Fetching collection: mujer
 [2m(+160ms)[22m 
[2m12:00:14[22m   [34mÔö£ÔöÇ[39m [2m/coleccion/ninos/index.html[22m[DEBUG] Fetching collection: ninos
 [2m(+157ms)[22m 
[2m12:00:15[22m   [34mÔö£ÔöÇ[39m [2m/coleccion/religioso/index.html[22m[DEBUG] Fetching collection: religioso
 [2m(+161ms)[22m 
[2m12:00:15[22m   [34mÔö£ÔöÇ[39m [2m/coleccion/dijes-medallas/index.html[22m[DEBUG] Fetching collection: dijes-medallas
 [2m(+192ms)[22m 
[2m12:00:15[22m   [34mÔö£ÔöÇ[39m [2m/coleccion/oro-10k/index.html[22m[DEBUG] Fetching collection: oro-10k
 [2m(+222ms)[22m 
[2m12:00:15[22m   [34mÔö£ÔöÇ[39m [2m/coleccion/regalos/index.html[22m[DEBUG] Fetching collection: regalos
 [2m(+194ms)[22m 
[2m12:00:15[22m   [34mÔö£ÔöÇ[39m [2m/coleccion/pulseras/index.html[22m[DEBUG] Fetching collection: pulseras
 [2m(+151ms)[22m 
[2m12:00:15[22m   [34mÔö£ÔöÇ[39m [2m/coleccion/nuevo/index.html[22m[DEBUG] Fetching collection: nuevo
 [2m(+166ms)[22m 
[2m12:00:16[22m   [34mÔö£ÔöÇ[39m [2m/coleccion/best-sellers/index.html[22m[DEBUG] Fetching collection: best-sellers
 [2m(+260ms)[22m 
[2m12:00:16[22m   [34mÔö£ÔöÇ[39m [2m/coleccion/cadenas/index.html[22m[DEBUG] Fetching collection: cadenas
 [2m(+201ms)[22m 
[2m12:00:16[22m   [34mÔö£ÔöÇ[39m [2m/coleccion/cuban-links/index.html[22m[DEBUG] Fetching collection: cuban-links
 [2m(+181ms)[22m 
[2m12:00:16[22m   [34mÔö£ÔöÇ[39m [2m/coleccion/tendencias/index.html[22m[DEBUG] Fetching collection: tendencias
 [2m(+162ms)[22m 
[2m12:00:16[22m   [34mÔö£ÔöÇ[39m [2m/coleccion/aretes/index.html[22m[DEBUG] Fetching collection: aretes
 [2m(+181ms)[22m 
[2m12:00:17[22m   [34mÔööÔöÇ[39m [2m/coleccion/anillo/index.html[22m[DEBUG] Fetching collection: anillo
 [2m(+144ms)[22m 
[2m12:00:17[22m [32mÔûÂ[39m src/pages/contacto.astro
[2m12:00:17[22m   [34mÔööÔöÇ[39m [2m/contacto/index.html[22m [2m(+6ms)[22m 
[2m12:00:17[22m [32mÔûÂ[39m src/pages/cuidado-joyas.astro
[2m12:00:17[22m   [34mÔööÔöÇ[39m [2m/cuidado-joyas/index.html[22m [2m(+5ms)[22m 
[2m12:00:17[22m [32mÔûÂ[39m src/pages/customer_identity/logout.astro
[2m12:00:17[22m   [34mÔööÔöÇ[39m [2m/customer_identity/logout/index.html[22m [2m(+2ms)[22m 
[2m12:00:17[22m [32mÔûÂ[39m src/pages/devoluciones.astro
[2m12:00:17[22m   [34mÔööÔöÇ[39m [2m/devoluciones/index.html[22m [2m(+6ms)[22m 
[2m12:00:17[22m [32mÔûÂ[39m src/pages/envios.astro
[2m12:00:17[22m   [34mÔööÔöÇ[39m [2m/envios/index.html[22m [2m(+5ms)[22m 
[2m12:00:17[22m [32mÔûÂ[39m src/pages/faq.astro
[2m12:00:17[22m   [34mÔööÔöÇ[39m [2m/faq/index.html[22m [2m(+5ms)[22m 
[2m12:00:17[22m [32mÔûÂ[39m src/pages/favoritos.astro
[2m12:00:17[22m   [34mÔööÔöÇ[39m [2m/favoritos/index.html[22m [2m(+5ms)[22m 
[2m12:00:17[22m [32mÔûÂ[39m src/pages/garantia.astro
[2m12:00:17[22m   [34mÔööÔöÇ[39m [2m/garantia/index.html[22m [2m(+5ms)[22m 
[2m12:00:17[22m [32mÔûÂ[39m src/pages/gracias-compra.astro
[2m12:00:17[22m   [34mÔööÔöÇ[39m [2m/gracias-compra/index.html[22m [2m(+5ms)[22m 
[2m12:00:17[22m [32mÔûÂ[39m src/pages/gracias-contacto.astro
[2m12:00:17[22m   [34mÔööÔöÇ[39m [2m/gracias-contacto/index.html[22m [2m(+4ms)[22m 
[2m12:00:17[22m [32mÔûÂ[39m src/pages/guia-regalos/quinceaneras.astro
[2m12:00:17[22m   [34mÔööÔöÇ[39m [2m/guia-regalos/quinceaneras/index.html[22m [2m(+7ms)[22m 
[2m12:00:17[22m [32mÔûÂ[39m src/pages/guia-regalos.astro
[2m12:00:17[22m   [34mÔööÔöÇ[39m [2m/guia-regalos/index.html[22m [2m(+5ms)[22m 
[2m12:00:17[22m [32mÔûÂ[39m src/pages/guia-tallas.astro
[2m12:00:17[22m   [34mÔööÔöÇ[39m [2m/guia-tallas/index.html[22m [2m(+4ms)[22m 
[2m12:00:17[22m [32mÔûÂ[39m src/pages/hombre/cuban-links.astro
[2m12:00:17[22m   [34mÔööÔöÇ[39m [2m/hombre/cuban-links/index.html[22m [2m(+5ms)[22m 
[2m12:00:17[22m [32mÔûÂ[39m src/pages/hombre/index.astro
[2m12:00:17[22m   [34mÔööÔöÇ[39m [2m/hombre/index.html[22mServer Trace - First Product Data: {
  "id": "gid://shopify/Product/8626053742791",
  "title": "Anillo Sello Dise├▒o P├│ker con Circones en Oro 10k",
  "handle": "anillo-sello-poker-oro-10k-talla-10",
  "productType": "Anillo",
  "tags": [
    "anillo grueso",
    "anillo sello",
    "buena suerte",
    "casino",
    "hombre",
    "oro 10k",
    "poker",
    "regalo hombre",
    "talla 10",
    "zirconias"
  ],
  "availableForSale": true,
  "totalInventory": 5,
  "priceRange": {
    "minVariantPrice": {
      "amount": "1175.0",
      "currencyCode": "USD"
    }
  },
  "featuredImage": {
    "url": "https://cdn.shopify.com/s/files/1/0760/5433/1591/files/anillo-sello-poker-casino-oro-10k-hombre-dtalles_webp.webp?v=1771524615",
    "altText": null,
    "width": 1077,
    "height": 1280
  },
  "images": {
    "edges": [
      {
        "node": {
          "url": "https://cdn.shopify.com/s/files/1/0760/5433/1591/files/anillo-sello-poker-casino-oro-10k-hombre-dtalles_webp.webp?v=1771524615",
          "altText": null,
          "width": 1077,
          "height": 1280
        }
      },
      {
        "node": {
          "url": "https://cdn.shopify.com/s/files/1/0760/5433/1591/files/anillo-sello-poker-casino-oro-10k-hombre-dtalles-lateral.webp?v=1771525057",
          "altText": null,
          "width": 1200,
          "height": 1600
        }
      }
    ]
  },
  "variants": {
    "edges": [
      {
        "node": {
          "id": "gid://shopify/ProductVariant/46200157536455",
          "sku": null,
          "quantityAvailable": 5,
          "price": {
            "amount": "1175.0",
            "currencyCode": "USD"
          },
          "compareAtPrice": {
            "amount": "1230.0",
            "currencyCode": "USD"
          }
        }
      }
    ]
  }
}
 [2m(+166ms)[22m 
[2m12:00:17[22m [32mÔûÂ[39m src/pages/mujer/compromiso.astro
[2m12:00:17[22m   [34mÔööÔöÇ[39m [2m/mujer/compromiso/index.html[22m [2m(+4ms)[22m 
[2m12:00:17[22m [32mÔûÂ[39m src/pages/mujer/index.astro
[2m12:00:17[22m   [34mÔööÔöÇ[39m [2m/mujer/index.html[22m [2m(+172ms)[22m 
[2m12:00:17[22m [32mÔûÂ[39m src/pages/ninos/index.astro
[2m12:00:17[22m   [34mÔööÔöÇ[39m [2m/ninos/index.html[22m [2m(+149ms)[22m 
[2m12:00:17[22m [32mÔûÂ[39m src/pages/nosotros.astro
[2m12:00:17[22m   [34mÔööÔöÇ[39m [2m/nosotros/index.html[22m [2m(+4ms)[22m 
[2m12:00:17[22m [32mÔûÂ[39m src/pages/politicas.astro
[2m12:00:17[22m   [34mÔööÔöÇ[39m [2m/politicas/index.html[22m [2m(+5ms)[22m 
[2m12:00:17[22m [32mÔûÂ[39m src/pages/producto/[handle].astro
[2m12:00:18[22m   [34mÔö£ÔöÇ[39m [2m/producto/aretes-flor-sakura-oro-10-kilates/index.html[22m [2m(+9ms)[22m 
[2m12:00:18[22m   [34mÔö£ÔöÇ[39m [2m/producto/cadena-cruz-lineal-minimalista-oro-10k/index.html[22m [2m(+7ms)[22m 
[2m12:00:18[22m   [34mÔö£ÔöÇ[39m [2m/producto/cadena-eslabon-graduado-oro-10-kilates/index.html[22m [2m(+8ms)[22m 
[2m12:00:18[22m   [34mÔö£ÔöÇ[39m [2m/producto/pulsera-tejido-entrelazado-graduado-oro-10-kilates/index.html[22m [2m(+7ms)[22m 
[2m12:00:18[22m   [34mÔö£ÔöÇ[39m [2m/producto/cadena-cubana-doble-7mm-oro-10k-22-pulgadas/index.html[22m [2m(+6ms)[22m 
[2m12:00:18[22m   [34mÔö£ÔöÇ[39m [2m/producto/cadena-paperclip-oro-10k-18-pulgadas-2mm/index.html[22m [2m(+8ms)[22m 
[2m12:00:18[22m   [34mÔö£ÔöÇ[39m [2m/producto/cadena-cubana-clasica-6mm-oro-10k-24-pulgadas/index.html[22m [2m(+6ms)[22m 
[2m12:00:18[22m   [34mÔö£ÔöÇ[39m [2m/producto/aretes-gota-agua-oro-10k-abombados/index.html[22m [2m(+7ms)[22m 
[2m12:00:18[22m   [34mÔö£ÔöÇ[39m [2m/producto/arracadas-tubulares-lisas-grandes-oro-10k/index.html[22m [2m(+8ms)[22m 
[2m12:00:18[22m   [34mÔö£ÔöÇ[39m [2m/producto/aretes-mariquita-esmaltada-oro-10k-suerte/index.html[22m [2m(+7ms)[22m 
[2m12:00:18[22m   [34mÔö£ÔöÇ[39m [2m/producto/anillo-compromiso-estilo-trio-baguettes-oro-10k-talla-7/index.html[22m [2m(+6ms)[22m 
[2m12:00:18[22m   [34mÔö£ÔöÇ[39m [2m/producto/anillo-sello-poker-oro-10k-talla-10/index.html[22m [2m(+6ms)[22m 
[2m12:00:18[22m   [34mÔö£ÔöÇ[39m [2m/producto/collar-corazon-abombado-cadena-soga-oro-10k/index.html[22m [2m(+6ms)[22m 
node.exe : TypeError: 
Cannot read properties 
of undefined (reading 
'url')
En C:\Program 
Files\nodejs\npm.ps1: 
29 Carácter: 3
+   & $NODE_EXE 
$NPM_CLI_JS $args
+   ~~~~~~~~~~~~~~~~~~~
~~~~~~~~~~
    + CategoryInfo     
         : NotSpecifi  
  ed: (TypeError: Ca   
 nn...(reading 'url    
'):String) [], Rem    
oteException
    + FullyQualifiedEr 
   rorId : NativeComm  
  andError
 
    at ProductGallery (
file:///C:/Users/User/D
esktop/Develop/Dtallesj
ewelry/dist/pages/produ
cto/_handle_.astro.mjs?
time=1771866017927:47:4
7)
    at renderWithHooks 
(C:\Users\User\Desktop\
Develop\Dtallesjewelry\
node_modules\react-dom\
cjs\react-dom-server.no
de.production.js:4647:1
8)
    at renderElement (C
:\Users\User\Desktop\De
velop\Dtallesjewelry\no
de_modules\react-dom\cj
s\react-dom-server.node
.production.js:4785:14)
    at retryNode (C:\Us
ers\User\Desktop\Develo
p\Dtallesjewelry\node_m
odules\react-dom\cjs\re
act-dom-server.node.pro
duction.js:5503:16)
    at 
renderNodeDestructive (
C:\Users\User\Desktop\D
evelop\Dtallesjewelry\n
ode_modules\react-dom\c
js\react-dom-server.nod
e.production.js:5297:7)
    at renderNode (C:\U
sers\User\Desktop\Devel
op\Dtallesjewelry\node_
modules\react-dom\cjs\r
eact-dom-server.node.pr
oduction.js:5864:14)
    at renderElement (C
:\Users\User\Desktop\De
velop\Dtallesjewelry\no
de_modules\react-dom\cj
s\react-dom-server.node
.production.js:4849:14)
    at retryNode (C:\Us
ers\User\Desktop\Develo
p\Dtallesjewelry\node_m
odules\react-dom\cjs\re
act-dom-server.node.pro
duction.js:5503:16)
    at 
renderNodeDestructive (
C:\Users\User\Desktop\D
evelop\Dtallesjewelry\n
ode_modules\react-dom\c
js\react-dom-server.nod
e.production.js:5297:7)
    at renderNode (C:\U
sers\User\Desktop\Devel
op\Dtallesjewelry\node_
modules\react-dom\cjs\r
eact-dom-server.node.pr
oduction.js:5864:14)
Cannot read properties 
of undefined (reading 
'url')
  [1mStack trace:[22m
[2m    at 
ProductGallery (file://
/C:/Users/User/Desktop/
Develop/Dtallesjewelry/
dist/pages/producto/_ha
ndle_.astro.mjs?time=17
71866017927:47:47)
    at renderElement (C
:\Users\User\Desktop\De
velop\Dtallesjewelry\no
de_modules\react-dom\cj
s\react-dom-server.node
.production.js:4785:14)
    at 
renderNodeDestructive (
C:\Users\User\Desktop\D
evelop\Dtallesjewelry\n
ode_modules\react-dom\c
js\react-dom-server.nod
e.production.js:5297:7)
    at renderElement (C
:\Users\User\Desktop\De
velop\Dtallesjewelry\no
de_modules\react-dom\cj
s\react-dom-server.node
.production.js:4849:14)
    at 
renderNodeDestructive (
C:\Users\User\Desktop\D
evelop\Dtallesjewelry\n
ode_modules\react-dom\c
js\react-dom-server.nod
e.production.js:5297:7)
[22m
[2m12:00:18[22m   [34mÔööÔöÇ[39m [2m/producto/producto-de-prueba/index.html[22m
