[2m18:15:05[22m [34m[content][39m Syncing content
[2m18:15:05[22m [34m[content][39m Synced content
[2m18:15:05[22m [34m[types][39m Generated [2m61ms[22m
[2m18:15:05[22m [34m[build][39m output: [34m"static"[39m
[2m18:15:05[22m [34m[build][39m mode: [34m"static"[39m
[2m18:15:05[22m [34m[build][39m directory: [34mC:\Users\User\Desktop\Develop\Dtallesjewelry\dist\[39m
[2m18:15:05[22m [34m[build][39m Collecting build info...
[2m18:15:05[22m [34m[build][39m [32mÔ£ô Completed in 106ms.[39m
[2m18:15:05[22m [34m[build][39m Building static entrypoints...
node.exe : [31m[1m18
:15:06[22m [ERROR] 
[vite][39m 
[31mÔ£ù[39m Build 
failed in 974ms
En C:\Program 
Files\nodejs\npx.ps1: 
29 Carácter: 3
+   & $NODE_EXE 
$NPX_CLI_JS $args
+   ~~~~~~~~~~~~~~~~~~
~~~~~~~~~~~
    + CategoryInfo    
          : NotSpeci  
  fied: ([31m[1m1   
 8:15:...failed in    
 974ms:String) []    
, RemoteException
    + FullyQualifiedE 
   rrorId : NativeCo  
  mmandError
 
Unexpected "\x00"
  [1mLocation:[22m
    [4mC:/Users/User/
Desktop/Develop/Dtalle
sjewelry/src/pages/tie
nda_rollback.astro:32:
17[24m
  [1mStack 
trace:[22m
[2m    at 
failureErrorWithLog (C
:\Users\User\Desktop\D
evelop\Dtallesjewelry\
node_modules\esbuild\l
ib\main.js:1467:15)
    at responseCallbac
ks.<computed> (C:\User
s\User\Desktop\Develop
\Dtallesjewelry\node_m
odules\esbuild\lib\mai
n.js:603:9)
    at 
Socket.readFromStdout 
(C:\Users\User\Desktop
\Develop\Dtallesjewelr
y\node_modules\esbuild
\lib\main.js:581:7)
    at addChunk (node:
internal/streams/reada
ble:561:12)
    at Readable.push (
node:internal/streams/
readable:392:5)[22m
